// Jest Snapshot v1, https://jestjs.io/docs/snapshot-testing

exports[`Homepage unit test Snapshot test 1`] = `
<DocumentFragment>
  <main
    class="mt-32 ml-4 mr-4"
  >
    <div
      class="flex flex-col sm:flex-row items-start sm:items-center justify-between gap-4 mb-6 sm:mb-8"
    >
      <h1
        class="text-2xl sm:text-3xl font-bold text-black underline"
      >
        My Notes
      </h1>
    </div>
    <div>
      <button
        class="flex items-center gap-1 mb-4 px-4 py-2 bg-black text-white rounded hover:opacity-90"
      >
        <svg
          aria-hidden="true"
          class="lucide lucide-plus"
          fill="none"
          height="18"
          stroke="currentColor"
          stroke-linecap="round"
          stroke-linejoin="round"
          stroke-width="2"
          viewBox="0 0 24 24"
          width="18"
          xmlns="http://www.w3.org/2000/svg"
        >
          <path
            d="M5 12h14"
          />
          <path
            d="M12 5v14"
          />
        </svg>
         Create
      </button>
      <p>
        Loading...
      </p>
      <div
        class="grid gap-3 sm:gap-4"
      />
      <dialog
        class="backdrop:bg-black/40 backdrop:backdrop-blur-sm p-0 border-none rounded-lg"
      >
        <div
          class="fixed inset-0 flex items-center justify-center"
        >
          <div
            class="bg-white rounded-lg p-6 w-96 shadow-lg text-center"
          />
        </div>
      </dialog>
    </div>
  </main>
</DocumentFragment>
`;
