// Jest Snapshot v1, https://jestjs.io/docs/snapshot-testing

exports[`Navbar unit component Snapshot test 1`] = `
<DocumentFragment>
  <nav
    class="fixed top-0 left-0 w-full h-20 bg-black flex items-center justify-center"
  >
    <div
      class="absolute -top-28 left-0 p-2"
    >
      <img
        alt="logo"
        class="drop-shadow-lg"
        height="300"
        src="/logo.png"
        width="300"
      />
    </div>
  </nav>
</DocumentFragment>
`;
