// Jest Snapshot v1, https://jestjs.io/docs/snapshot-testing

exports[`Navbar integration tests <Navbar /> + layout snapshot test 1`] = `
<DocumentFragment>
  <nav
    class="fixed top-0 left-0 w-full h-20 bg-black flex items-center justify-center"
  >
    <div
      class="absolute -top-28 left-0 p-2"
    >
      <img
        alt="logo"
        class="drop-shadow-lg"
        data-nimg="1"
        decoding="async"
        height="300"
        loading="lazy"
        src="/_next/image?url=%2Flogo.png&w=640&q=75"
        srcset="/_next/image?url=%2Flogo.png&w=384&q=75 1x, /_next/image?url=%2Flogo.png&w=640&q=75 2x"
        style="color: transparent;"
        width="300"
      />
    </div>
  </nav>
  <main
    class="mt-32 ml-4 mr-4"
  >
    <div
      class="flex flex-col sm:flex-row items-start sm:items-center justify-between gap-4 mb-6 sm:mb-8"
    >
      <h1
        class="text-2xl sm:text-3xl font-bold text-black underline"
      >
        My Notes
      </h1>
    </div>
    <div>
      <button
        class="flex items-center gap-1 mb-4 px-4 py-2 bg-black text-white rounded hover:opacity-90"
      >
        <svg
          aria-hidden="true"
          class="lucide lucide-plus"
          fill="none"
          height="18"
          stroke="currentColor"
          stroke-linecap="round"
          stroke-linejoin="round"
          stroke-width="2"
          viewBox="0 0 24 24"
          width="18"
          xmlns="http://www.w3.org/2000/svg"
        >
          <path
            d="M5 12h14"
          />
          <path
            d="M12 5v14"
          />
        </svg>
         Create
      </button>
      <p>
        Loading...
      </p>
      <div
        class="grid gap-3 sm:gap-4"
      />
      <dialog
        class="backdrop:bg-black/40 backdrop:backdrop-blur-sm p-0 border-none rounded-lg"
      >
        <div
          class="fixed inset-0 flex items-center justify-center"
        >
          <div
            class="bg-white rounded-lg p-6 w-96 shadow-lg text-center"
          />
        </div>
      </dialog>
    </div>
  </main>
</DocumentFragment>
`;
